#-----------------------------------------------------------
# Vivado v2018.3 (64-bit)
# SW Build 2405991 on Thu Dec  6 23:38:27 MST 2018
# IP Build 2404404 on Fri Dec  7 01:43:56 MST 2018
# Start of session at: Mon Mar 11 23:26:50 2024
# Process ID: 24312
# Current directory: D:/FPGA/FPGAclass/FPGA_Class/06 LED_flash_uav
# Command line: vivado.exe -gui_launcher_event rodinguilauncherevent5700 D:\FPGA\FPGAclass\FPGA_Class\06 LED_flash_uav\LED_flash.xpr
# Log file: D:/FPGA/FPGAclass/FPGA_Class/06 LED_flash_uav/vivado.log
# Journal file: D:/FPGA/FPGAclass/FPGA_Class/06 LED_flash_uav\vivado.jou
#-----------------------------------------------------------
start_gui
open_project {D:/FPGA/FPGAclass/FPGA_Class/06 LED_flash_uav/LED_flash.xpr}
update_compile_order -fileset sources_1
synth_design -rtl -name rtl_1
set_property IOSTANDARD LVCMOS33 [get_ports [list {SW[7]} {SW[6]} {SW[5]} {SW[4]} {SW[3]} {SW[2]} {SW[1]} {SW[0]}]]
place_ports {SW[0]} K14
place_ports {SW[1]} L15
place_ports {SW[2]} G14
place_ports {SW[3]} J14
place_ports {SW[4]} F16
place_ports {SW[5]} H15
place_ports {SW[6]} D18
place_ports {SW[7]} E17
set_property target_constrs_file {D:/FPGA/FPGAclass/FPGA_Class/06 LED_flash_uav/LED_flash.srcs/constrs_1/new/LED_flash1.xdc} [current_fileset -constrset]
save_constraints -force
launch_runs impl_1 -to_step write_bitstream -jobs 14
wait_on_run impl_1
open_hw
connect_hw_server
open_hw_target
set_property PROGRAM.FILE {D:/FPGA/FPGAclass/FPGA_Class/06 LED_flash_uav/LED_flash.runs/impl_1/LED_flash_2.bit} [get_hw_devices xc7z020_1]
current_hw_device [get_hw_devices xc7z020_1]
refresh_hw_device -update_hw_probes false [lindex [get_hw_devices xc7z020_1] 0]
set_property PROBES.FILE {} [get_hw_devices xc7z020_1]
set_property FULL_PROBES.FILE {} [get_hw_devices xc7z020_1]
set_property PROGRAM.FILE {D:/FPGA/FPGAclass/FPGA_Class/06 LED_flash_uav/LED_flash.runs/impl_1/LED_flash_2.bit} [get_hw_devices xc7z020_1]
program_hw_devices [get_hw_devices xc7z020_1]
refresh_hw_device [lindex [get_hw_devices xc7z020_1] 0]
reset_project
