#-----------------------------------------------------------
# Vivado v2018.3 (64-bit)
# SW Build 2405991 on Thu Dec  6 23:38:27 MST 2018
# IP Build 2404404 on Fri Dec  7 01:43:56 MST 2018
# Start of session at: Mon Mar 11 22:51:02 2024
# Process ID: 10492
# Current directory: D:/FPGA/FPGAclass/FPGA_Class/06 LED_flash_uav
# Command line: vivado.exe -gui_launcher_event rodinguilauncherevent21452 D:\FPGA\FPGAclass\FPGA_Class\06 LED_flash_uav\LED_flash.xpr
# Log file: D:/FPGA/FPGAclass/FPGA_Class/06 LED_flash_uav/vivado.log
# Journal file: D:/FPGA/FPGAclass/FPGA_Class/06 LED_flash_uav\vivado.jou
#-----------------------------------------------------------
start_gui
open_project {D:/FPGA/FPGAclass/FPGA_Class/06 LED_flash_uav/LED_flash.xpr}
update_compile_order -fileset sources_1
launch_runs impl_1 -to_step write_bitstream -jobs 14
wait_on_run impl_1
open_hw
connect_hw_server
disconnect_hw_server localhost:3121
connect_hw_server
open_hw_target
current_hw_device [get_hw_devices xc7z020_1]
refresh_hw_device -update_hw_probes false [lindex [get_hw_devices xc7z020_1] 0]
open_run impl_1
set_property PROBES.FILE {} [get_hw_devices xc7z020_1]
set_property FULL_PROBES.FILE {} [get_hw_devices xc7z020_1]
set_property PROGRAM.FILE {D:/FPGA/FPGAclass/FPGA_Class/06 LED_flash_uav/LED_flash.runs/impl_1/LED_flash_1.bit} [get_hw_devices xc7z020_1]
program_hw_devices [get_hw_devices xc7z020_1]
refresh_hw_device [lindex [get_hw_devices xc7z020_1] 0]
close_hw
close [ open {D:/FPGA/FPGAclass/FPGA_Class/06 LED_flash_uav/LED_flash.srcs/sources_1/new/LED_flash_2.v} w ]
add_files {{D:/FPGA/FPGAclass/FPGA_Class/06 LED_flash_uav/LED_flash.srcs/sources_1/new/LED_flash_2.v}}
update_compile_order -fileset sources_1
close [ open {D:/FPGA/FPGAclass/FPGA_Class/06 LED_flash_uav/LED_flash.srcs/constrs_1/new/LED_flash1.xdc} w ]
add_files -fileset constrs_1 {{D:/FPGA/FPGAclass/FPGA_Class/06 LED_flash_uav/LED_flash.srcs/constrs_1/new/LED_flash1.xdc}}
set_property SOURCE_SET sources_1 [get_filesets sim_1]
close [ open {D:/FPGA/FPGAclass/FPGA_Class/06 LED_flash_uav/LED_flash.srcs/sim_1/new/LED_flash_2.v} w ]
add_files -fileset sim_1 {{D:/FPGA/FPGAclass/FPGA_Class/06 LED_flash_uav/LED_flash.srcs/sim_1/new/LED_flash_2.v}}
update_compile_order -fileset sim_1
update_compile_order -fileset sim_1
# Disabling source management mode.  This is to allow the top design properties to be set without GUI intervention.
set_property source_mgmt_mode None [current_project]
set_property top LED_flash_tb_2 [get_filesets sim_1]
set_property top_lib xil_defaultlib [get_filesets sim_1]
# Re-enabling previously disabled source management mode.
set_property source_mgmt_mode All [current_project]
update_compile_order -fileset sim_1
update_compile_order -fileset sim_1
export_ip_user_files -of_objects  [get_files {{D:/FPGA/FPGAclass/FPGA_Class/06 LED_flash_uav/LED_flash.srcs/sources_1/new/LED_flash_2.v}}] -no_script -reset -force -quiet
remove_files  {{D:/FPGA/FPGAclass/FPGA_Class/06 LED_flash_uav/LED_flash.srcs/sources_1/new/LED_flash_2.v}}
update_compile_order -fileset sim_1
update_compile_order -fileset sim_1
export_ip_user_files -of_objects  [get_files {{D:/FPGA/FPGAclass/FPGA_Class/06 LED_flash_uav/LED_flash.srcs/sim_1/new/LED_flash_2.v}}] -no_script -reset -force -quiet
remove_files  -fileset sim_1 {{D:/FPGA/FPGAclass/FPGA_Class/06 LED_flash_uav/LED_flash.srcs/sim_1/new/LED_flash_2.v}}
add_files -norecurse {{D:/FPGA/FPGAclass/FPGA_Class/06 LED_flash_uav/LED_flash.srcs/sources_1/new/LED_flash_2.v}}
update_compile_order -fileset sources_1
set_property SOURCE_SET sources_1 [get_filesets sim_1]
add_files -fileset sim_1 -norecurse {{D:/FPGA/FPGAclass/FPGA_Class/06 LED_flash_uav/LED_flash.srcs/sim_1/new/LED_flash_tb_2.v}}
update_compile_order -fileset sim_1
# Disabling source management mode.  This is to allow the top design properties to be set without GUI intervention.
set_property source_mgmt_mode None [current_project]
set_property top LED_flash_tb_2 [get_filesets sim_1]
set_property top_lib xil_defaultlib [get_filesets sim_1]
# Re-enabling previously disabled source management mode.
set_property source_mgmt_mode All [current_project]
update_compile_order -fileset sim_1
# Disabling source management mode.  This is to allow the top design properties to be set without GUI intervention.
set_property source_mgmt_mode None [current_project]
set_property top LED_flash_2 [current_fileset]
# Re-enabling previously disabled source management mode.
set_property source_mgmt_mode All [current_project]
update_compile_order -fileset sources_1
synth_design -rtl -name rtl_1
launch_simulation
source LED_flash_tb_2.tcl
run all
reset_project
close_sim
